Microchip MPLAB XC8 Compiler V2.40

Linker command line:

-W-3 \
  --edf=C:\Program Files\Microchip\xc8\v2.40\pic\dat\20220703182018_en.msgs \
  -cn -h+dist/default/production\project3.X.production.sym \
  --cmf=dist/default/production\project3.X.production.cmf -z -Q18F4620 \
  -oC:\Users\mahmo\AppData\Local\Temp\xcAsneo.4 --defsym=__MPLAB_BUILD=1 \
  --fixupoverflow=error -Mdist/default/production/project3.X.production.map \
  --md=C:\Users\mahmo\AppData\Local\Temp\xcAsneo.dat -E1 -ver=XC8 Compiler \
  --acfsm=1493 -ACODE=00h-0FFFFh -ACONST=00h-0FFFFh \
  -ASMALLCONST=01000h-010FFhx240 -AMEDIUMCONST=01000h-0FFFFh \
  -ACOMRAM=01h-07Fh -AABS1=00h-0F7Fh -ABIGRAM=01h-0F7Fh \
  -ARAM=080h-0FFh,0100h-01FFhx14,0F00h-0F7Fh -ABANK0=080h-0FFh \
  -ABANK1=0100h-01FFh -ABANK2=0200h-02FFh -ABANK3=0300h-03FFh \
  -ABANK4=0400h-04FFh -ABANK5=0500h-05FFh -ABANK6=0600h-06FFh \
  -ABANK7=0700h-07FFh -ABANK8=0800h-08FFh -ABANK9=0900h-09FFh \
  -ABANK10=0A00h-0AFFh -ABANK11=0B00h-0BFFh -ABANK12=0C00h-0CFFh \
  -ABANK13=0D00h-0DFFh -ABANK14=0E00h-0EFFh -ABANK15=0F00h-0F7Fh \
  -ASFR=0F80h-0FFFh -ABIGSFR=0F80h-0FFFh -ACONFIG=0300000h-030000Dh \
  -AIDLOC=0200000h-0200007h -AEEDATA=0F00000h-0F003FFh -peeprom_data=EEDATA \
  -preset_vec=00h,intcode=08h,intcodelo=018h,powerup,init -pramtop=01000h \
  -psmallconst=SMALLCONST -pmediumconst=MEDIUMCONST -pconst=CONST \
  -AFARRAM=00h-00h \
  -prdata=COMRAM,nvrram=COMRAM,nvbit=COMRAM,rbss=COMRAM,rbit=COMRAM \
  -pfarbss=FARRAM,fardata=FARRAM,nvFARRAM=FARRAM \
  -pintsave_regs=BIGRAM,bigbss=BIGRAM,bigdata=BIGRAM -pbss=RAM \
  -pidata=CODE,irdata=CODE,ibigdata=CODE,ifardata=CODE -prparam=COMRAM \
  C:\Users\mahmo\AppData\Local\Temp\xcAsneo.o \
  dist/default/production\project3.X.production.o 

Object code version is 3.11

Machine type is 18F4620



                Name                               Link     Load   Length Selector   Space Scale
C:\Users\mahmo\AppData\Local\Temp\xcAsneo.o
                idloc                            200000   200000        8        0       5
                config                           300000   300000        E        0       4
                init                                 EA       EA        4        C       0
                reset_vec                             0        0        4        0       0
dist/default/production\project3.X.production.o
                intcodelo                            18       18       D2        C       0
                intcode                               8        8        6        4       0
                idloc                            200000   200000        8        0       5
                config                           300000   300000        E        0       4
                temp                                 54       54        1        1       1
                text28                              7B2      7B2        4        C       0
                text27                              6D6      6D6       20        C       0
                text26                              6F6      6F6       1C        C       0
                text25                               EE       EE      24E        C       0
                text24                              724      724       12        C       0
                text23                              712      712       12        C       0
                text22                              574      574       F6        C       0
                text21                              6A4      6A4       32        C       0
                text20                              7AE      7AE        4        C       0
                text19                              7AA      7AA        4        C       0
                text18                              7A6      7A6        4        C       0
                text17                              7A2      7A2        4        C       0
                text16                              79E      79E        4        C       0
                text15                              79A      79A        4        C       0
                text14                              796      796        4        C       0
                text13                              792      792        4        C       0
                text12                              78E      78E        4        C       0
                text11                              75A      75A        C        C       0
                text10                              74E      74E        C        C       0
                text9                               776      776        8        C       0
                intcode_body                        33C      33C      238        C       0
                text7                               78A      78A        4        C       0
                text6                               786      786        4        C       0
                text5                               782      782        4        C       0
                text4                               742      742        C        C       0
                text3                               736      736        C        C       0
                text2                               76E      76E        8        C       0
                text0                               766      766        8        C       0
                cstackCOMRAM                         36       36       1A        1       1
                dataCOMRAM                           50       50        4        1       1
                bssCOMRAM                             1        1       35        1       1
                cinit                               66A      66A       3A        C       0
                idataCOMRAM                         77E      77E        4        C       0

TOTAL           Name                               Link     Load   Length     Space
        CLASS   CODE           
                intcodelo                            18       18       D2         0
                intcode                               8        8        6         0
                init                                 EA       EA        4         0
                reset_vec                             0        0        4         0
                text28                              7B2      7B2        4         0
                text27                              6D6      6D6       20         0
                text26                              6F6      6F6       1C         0
                text25                               EE       EE      24E         0
                text24                              724      724       12         0
                text23                              712      712       12         0
                text22                              574      574       F6         0
                text21                              6A4      6A4       32         0
                text20                              7AE      7AE        4         0
                text19                              7AA      7AA        4         0
                text18                              7A6      7A6        4         0
                text17                              7A2      7A2        4         0
                text16                              79E      79E        4         0
                text15                              79A      79A        4         0
                text14                              796      796        4         0
                text13                              792      792        4         0
                text12                              78E      78E        4         0
                text11                              75A      75A        C         0
                text10                              74E      74E        C         0
                text9                               776      776        8         0
                intcode_body                        33C      33C      238         0
                text7                               78A      78A        4         0
                text6                               786      786        4         0
                text5                               782      782        4         0
                text4                               742      742        C         0
                text3                               736      736        C         0
                text2                               76E      76E        8         0
                text0                               766      766        8         0
                cinit                               66A      66A       3A         0
                idataCOMRAM                         77E      77E        4         0

        CLASS   CONST          

        CLASS   SMALLCONST     

        CLASS   MEDIUMCONST    

        CLASS   COMRAM         
                temp                                 54       54        1         1
                cstackCOMRAM                         36       36       1A         1
                dataCOMRAM                           50       50        4         1
                bssCOMRAM                             1        1       35         1

        CLASS   ABS1           

        CLASS   BIGRAM         

        CLASS   RAM            

        CLASS   BANK0          

        CLASS   BANK1          

        CLASS   BANK2          

        CLASS   BANK3          

        CLASS   BANK4          

        CLASS   BANK5          

        CLASS   BANK6          

        CLASS   BANK7          

        CLASS   BANK8          

        CLASS   BANK9          

        CLASS   BANK10         

        CLASS   BANK11         

        CLASS   BANK12         

        CLASS   BANK13         

        CLASS   BANK14         

        CLASS   BANK15         

        CLASS   SFR            

        CLASS   BIGSFR         

        CLASS   CONFIG         
                config                           300000   300000        E         4

        CLASS   IDLOC          
                idloc                            200000   200000        8         5

        CLASS   EEDATA         

        CLASS   FARRAM         

        CLASS   HEAP           

        CLASS   STACK          



SEGMENTS        Name                           Load    Length   Top    Selector   Space  Class

                reset_vec                      000000  000004  000004         0       0  CODE    
                bssCOMRAM                      000001  000054  000055         1       1  COMRAM  
                intcode                        000008  000006  00000E         4       0  CODE    
                intcodelo                      000018  00079E  0007B6         C       0  CODE    


UNUSED ADDRESS RANGES

        Name                Unused          Largest block    Delta
        BANK0            000080-0000FF               80
        BANK1            000100-0001FF              100
        BANK10           000A00-000AFF              100
        BANK11           000B00-000BFF              100
        BANK12           000C00-000CFF              100
        BANK13           000D00-000DFF              100
        BANK14           000E00-000EFF              100
        BANK15           000F00-000F7F               80
        BANK2            000200-0002FF              100
        BANK3            000300-0003FF              100
        BANK4            000400-0004FF              100
        BANK5            000500-0005FF              100
        BANK6            000600-0006FF              100
        BANK7            000700-0007FF              100
        BANK8            000800-0008FF              100
        BANK9            000900-0009FF              100
        BIGRAM           000055-000F7F              F2B
        BIGSFR           000F80-000FFF               80
        CODE             000004-000007                4
                         00000E-000017                A
                         0007B6-00FFFF             F84A
        COMRAM           000055-00007F               2B
        CONST            000004-000007                4
                         00000E-000017                A
                         0007B6-00FFFF             F84A
        EEDATA           F00000-F003FF              400
        MEDIUMCONST      001000-00FFFF             F000
        RAM              000080-000F7F              100
        SFR              000F80-000FFF               80
        SMALLCONST       001000-00FFFF              100

                                  Symbol Table

EUSART_ASYNC_ReadByte@_data               cstackCOMRAM 000036
EUSART_ASYNC_WriteByte@_data              cstackCOMRAM 000036
EUSART_RxDefaultInterruptHandler@i        cstackCOMRAM 00003E
EUSART_RxDefaultInterruptHandler@i_1056   cstackCOMRAM 000042
EUSART_RxDefaultInterruptHandler@j        cstackCOMRAM 000040
EUSART_RxDefaultInterruptHandler@j_1057   cstackCOMRAM 000044
_ADCON0BIT                                (abs)        000FC2
_ADCON2BIT                                (abs)        000FC0
_ADC_ISR                                  text28       0007B2
_ADC_InterruptHandler                     bssCOMRAM    00001B
_BAUDCONbits                              (abs)        000FB8
_EUSART_ASYNC_ReadByte                    text27       0006D6
_EUSART_ASYNC_WriteByte                   text26       0006F6
_EUSART_FramingErrorHandler               bssCOMRAM    00000D
_EUSART_OverrunErrorHandler               bssCOMRAM    00000B
_EUSART_RX_ISR                            text21       0006A4
_EUSART_RxDefaultInterruptHandler         text22       000574
_EUSART_RxInterruptHandler                bssCOMRAM    00000F
_EUSART_TX_ISR                            text20       0007AE
_EUSART_TxInterruptHandler                bssCOMRAM    000011
_INT0_ISR                                 text19       0007AA
_INT0_InterruptHandler                    bssCOMRAM    000021
_INT1_ISR                                 text7        00078A
_INT1_InterruptHandler                    bssCOMRAM    00001F
_INT2_ISR                                 text18       0007A6
_INT2_InterruptHandler                    bssCOMRAM    00001D
_InterruptHigh                            intcode      000008
_InterruptLow                             intcodelo    000018
_PIE1bits                                 (abs)        000F9D
_PIR1bits                                 (abs)        000F9E
_RB4_ISR_High                             text6        000786
_RB4_ISR_Low                              text5        000782
_RB4_InterruptHandlerHigh                 bssCOMRAM    000031
_RB4_InterruptHandlerLow                  bssCOMRAM    00002F
_RB5_ISR_High                             text17       0007A2
_RB5_ISR_Low                              text16       00079E
_RB5_InterruptHandlerHigh                 bssCOMRAM    00002D
_RB5_InterruptHandlerLow                  bssCOMRAM    00002B
_RB6_ISR_High                             text15       00079A
_RB6_ISR_Low                              text14       000796
_RB6_InterruptHandlerHigh                 bssCOMRAM    000029
_RB6_InterruptHandlerLow                  bssCOMRAM    000027
_RB7_ISR_High                             text13       000792
_RB7_ISR_Low                              text12       00078E
_RB7_InterruptHandlerHigh                 bssCOMRAM    000025
_RB7_InterruptHandlerLow                  bssCOMRAM    000023
_RCREG                                    (abs)        000FAE
_RCSTAbits                                (abs)        000FAB
_T0CONBIT                                 (abs)        000FD5
_T1CONBIT                                 (abs)        000FCD
_T2CONBIT                                 (abs)        000FCA
_TMR3                                     (abs)        000FB2
_TRISCbits                                (abs)        000F94
_TXSTAbits                                (abs)        000FAC
_Timer0_ISR                               text4        000742
_Timer0_InterruptHandler                  bssCOMRAM    000019
_Timer0_Preload                           bssCOMRAM    000009
_Timer1_ISR                               text3        000736
_Timer1_InterruptHandler                  bssCOMRAM    000017
_Timer1_Preload                           bssCOMRAM    000007
_Timer2_ISR                               text2        00076E
_Timer2_InterruptHandler                  bssCOMRAM    000015
_Timer2_Preload                           bssCOMRAM    000034
_Timer3_InterruptHandler                  bssCOMRAM    000013
_Timer3_Preload                           bssCOMRAM    000033
__HRAM                                    (abs)        000000
__Habs1                                   abs1         000000
__Hbank0                                  bank0        000000
__Hbank1                                  bank1        000000
__Hbank10                                 bank10       000000
__Hbank11                                 bank11       000000
__Hbank12                                 bank12       000000
__Hbank13                                 bank13       000000
__Hbank14                                 bank14       000000
__Hbank15                                 bank15       000000
__Hbank2                                  bank2        000000
__Hbank3                                  bank3        000000
__Hbank4                                  bank4        000000
__Hbank5                                  bank5        000000
__Hbank6                                  bank6        000000
__Hbank7                                  bank7        000000
__Hbank8                                  bank8        000000
__Hbank9                                  bank9        000000
__Hbigbss                                 bigbss       000000
__Hbigdata                                bigdata      000000
__Hbigram                                 bigram       000000
__Hbigsfr                                 bigsfr       000000
__Hbss                                    bss          000000
__HbssCOMRAM                              bssCOMRAM    000000
__Hcinit                                  cinit        000000
__Hclrtext                                clrtext      000000
__Hcomram                                 comram       000000
__Hconfig                                 config       30000E
__Hconst                                  const        000000
__HcstackCOMRAM                           cstackCOMRAM 000000
__Hdata                                   data         000000
__HdataCOMRAM                             dataCOMRAM   000000
__Heeprom_data                            eeprom_data  000000
__Hfarbss                                 farbss       000000
__Hfardata                                fardata      000000
__Hheap                                   heap         000000
__Hibigdata                               ibigdata     000000
__Hidata                                  idata        000000
__HidataCOMRAM                            idataCOMRAM  000000
__Hidloc                                  idloc        200008
__Hifardata                               ifardata     000000
__Hinit                                   init         0000EE
__Hintcode                                intcode      00000E
__Hintcode_body                           intcode_body 000000
__Hintcodelo                              intcodelo    0000EA
__Hintentry                               intentry     000000
__Hintret                                 intret       000000
__Hintsave_regs                           intsave_regs 000000
__Hirdata                                 irdata       000000
__Hmediumconst                            mediumconst  000000
__HnvFARRAM                               nvFARRAM     000000
__Hnvbit                                  nvbit        000000
__Hnvrram                                 nvrram       000000
__Hparam                                  rparam       000000
__Hpowerup                                powerup      0000EA
__Hram                                    ram          000000
__Hramtop                                 ramtop       001000
__Hrbit                                   rbit         000000
__Hrbss                                   rbss         000000
__Hrdata                                  rdata        000000
__Hreset_vec                              reset_vec    000004
__Hrparam                                 rparam       000000
__Hsfr                                    sfr          000000
__Hsmallconst                             smallconst   000000
__Hspace_0                                (abs)        001000
__Hspace_1                                (abs)        000055
__Hspace_2                                (abs)        000000
__Hspace_4                                (abs)        60000E
__Hstack                                  stack        000000
__Hstruct                                 struct       000000
__Htemp                                   temp         000055
__Htext                                   text         000000
__Htext0                                  text0        000000
__Htext10                                 text10       000000
__Htext11                                 text11       000000
__Htext12                                 text12       000000
__Htext13                                 text13       000000
__Htext14                                 text14       000000
__Htext15                                 text15       000000
__Htext16                                 text16       000000
__Htext17                                 text17       000000
__Htext18                                 text18       000000
__Htext19                                 text19       000000
__Htext2                                  text2        000000
__Htext20                                 text20       000000
__Htext21                                 text21       000000
__Htext22                                 text22       000000
__Htext23                                 text23       000000
__Htext24                                 text24       000000
__Htext25                                 text25       000000
__Htext26                                 text26       000000
__Htext27                                 text27       000000
__Htext28                                 text28       000000
__Htext29                                 text29       000000
__Htext3                                  text3        000000
__Htext4                                  text4        000000
__Htext5                                  text5        000000
__Htext6                                  text6        000000
__Htext7                                  text7        000000
__Htext9                                  text9        000000
__LRAM                                    (abs)        000001
__Labs1                                   abs1         000000
__Lbank0                                  bank0        000000
__Lbank1                                  bank1        000000
__Lbank10                                 bank10       000000
__Lbank11                                 bank11       000000
__Lbank12                                 bank12       000000
__Lbank13                                 bank13       000000
__Lbank14                                 bank14       000000
__Lbank15                                 bank15       000000
__Lbank2                                  bank2        000000
__Lbank3                                  bank3        000000
__Lbank4                                  bank4        000000
__Lbank5                                  bank5        000000
__Lbank6                                  bank6        000000
__Lbank7                                  bank7        000000
__Lbank8                                  bank8        000000
__Lbank9                                  bank9        000000
__Lbigbss                                 bigbss       000000
__Lbigdata                                bigdata      000000
__Lbigram                                 bigram       000000
__Lbigsfr                                 bigsfr       000000
__Lbss                                    bss          000000
__LbssCOMRAM                              bssCOMRAM    000000
__Lcinit                                  cinit        000000
__Lclrtext                                clrtext      000000
__Lcomram                                 comram       000000
__Lconfig                                 config       000000
__Lconst                                  const        000000
__LcstackCOMRAM                           cstackCOMRAM 000000
__Ldata                                   data         000000
__LdataCOMRAM                             dataCOMRAM   000000
__Leeprom_data                            eeprom_data  000000
__Lfarbss                                 farbss       000000
__Lfardata                                fardata      000000
__Lheap                                   heap         000000
__Libigdata                               ibigdata     000000
__Lidata                                  idata        000000
__LidataCOMRAM                            idataCOMRAM  000000
__Lidloc                                  idloc        000000
__Lifardata                               ifardata     000000
__Linit                                   init         0000EA
__Lintcode                                intcode      000008
__Lintcode_body                           intcode_body 000000
__Lintcodelo                              intcodelo    000018
__Lintentry                               intentry     000000
__Lintret                                 intret       000000
__Lintsave_regs                           intsave_regs 000000
__Lirdata                                 irdata       000000
__Lmediumconst                            mediumconst  000000
__LnvFARRAM                               nvFARRAM     000000
__Lnvbit                                  nvbit        000000
__Lnvrram                                 nvrram       000000
__Lparam                                  rparam       000000
__Lpowerup                                powerup      0000EA
__Lram                                    ram          000000
__Lramtop                                 ramtop       001000
__Lrbit                                   rbit         000000
__Lrbss                                   rbss         000000
__Lrdata                                  rdata        000000
__Lreset_vec                              reset_vec    000000
__Lrparam                                 rparam       000000
__Lsfr                                    sfr          000000
__Lsmallconst                             smallconst   000000
__Lspace_0                                (abs)        000000
__Lspace_1                                (abs)        000000
__Lspace_2                                (abs)        000000
__Lspace_4                                (abs)        000000
__Lstack                                  stack        000000
__Lstruct                                 struct       000000
__Ltemp                                   temp         000054
__Ltext                                   text         000000
__Ltext0                                  text0        000000
__Ltext10                                 text10       000000
__Ltext11                                 text11       000000
__Ltext12                                 text12       000000
__Ltext13                                 text13       000000
__Ltext14                                 text14       000000
__Ltext15                                 text15       000000
__Ltext16                                 text16       000000
__Ltext17                                 text17       000000
__Ltext18                                 text18       000000
__Ltext19                                 text19       000000
__Ltext2                                  text2        000000
__Ltext20                                 text20       000000
__Ltext21                                 text21       000000
__Ltext22                                 text22       000000
__Ltext23                                 text23       000000
__Ltext24                                 text24       000000
__Ltext25                                 text25       000000
__Ltext26                                 text26       000000
__Ltext27                                 text27       000000
__Ltext28                                 text28       000000
__Ltext29                                 text29       000000
__Ltext3                                  text3        000000
__Ltext4                                  text4        000000
__Ltext5                                  text5        000000
__Ltext6                                  text6        000000
__Ltext7                                  text7        000000
__Ltext9                                  text9        000000
__S0                                      (abs)        0007B6
__S1                                      (abs)        000055
__S4                                      (abs)        000000
__S5                                      (abs)        000000
__XTAL_FREQ                               dataCOMRAM   000050
___heap_hi                                (abs)        000000
___heap_lo                                (abs)        000000
___inthi_sp                               stack        000000
___intlo_sp                               stack        000000
___param_bank                             (abs)        000000
___rparam_used                            (abs)        000001
___sp                                     stack        000000
__accesstop                               (abs)        000080
__activetblptr                            (abs)        000002
__end_of_ADC_ISR                          text28       0007B6
__end_of_EUSART_ASYNC_ReadByte            text27       0006F6
__end_of_EUSART_ASYNC_WriteByte           text26       000712
__end_of_EUSART_RX_ISR                    text21       0006D6
__end_of_EUSART_RxDefaultInterruptHandler text22       00066A
__end_of_EUSART_TX_ISR                    text20       0007B2
__end_of_INT0_ISR                         text19       0007AE
__end_of_INT1_ISR                         text7        00078E
__end_of_INT2_ISR                         text18       0007AA
__end_of_InterruptHigh                    intcode_body 000574
__end_of_InterruptLow                     intcodelo    0000EA
__end_of_RB4_ISR_High                     text6        00078A
__end_of_RB4_ISR_Low                      text5        000786
__end_of_RB5_ISR_High                     text17       0007A6
__end_of_RB5_ISR_Low                      text16       0007A2
__end_of_RB6_ISR_High                     text15       00079E
__end_of_RB6_ISR_Low                      text14       00079A
__end_of_RB7_ISR_High                     text13       000796
__end_of_RB7_ISR_Low                      text12       000792
__end_of_Timer0_ISR                       text4        00074E
__end_of_Timer1_ISR                       text3        000742
__end_of_Timer2_ISR                       text2        000776
__end_of__initialization                  cinit        000696
__end_of_dio_pin_write_logic              text25       00033C
__end_of_led_off                          text24       000736
__end_of_led_on                           text23       000724
__end_of_main                             text0        00076E
__end_ofi2_Timer0_ISR                     text11       000766
__end_ofi2_Timer1_ISR                     text10       00075A
__end_ofi2_Timer2_ISR                     text9        00077E
__initialization                          cinit        00066A
__mediumconst                             mediumconst  000000
__pbssCOMRAM                              bssCOMRAM    000001
__pcinit                                  cinit        00066A
__pcstackCOMRAM                           cstackCOMRAM 000036
__pdataCOMRAM                             dataCOMRAM   000050
__pidataCOMRAM                            idataCOMRAM  00077E
__pintcode                                intcode      000008
__pintcode_body                           intcode_body 00033C
__pintcodelo                              intcodelo    000018
__ptext0                                  text0        000766
__ptext10                                 text10       00074E
__ptext11                                 text11       00075A
__ptext12                                 text12       00078E
__ptext13                                 text13       000792
__ptext14                                 text14       000796
__ptext15                                 text15       00079A
__ptext16                                 text16       00079E
__ptext17                                 text17       0007A2
__ptext18                                 text18       0007A6
__ptext19                                 text19       0007AA
__ptext2                                  text2        00076E
__ptext20                                 text20       0007AE
__ptext21                                 text21       0006A4
__ptext22                                 text22       000574
__ptext23                                 text23       000712
__ptext24                                 text24       000724
__ptext25                                 text25       0000EE
__ptext26                                 text26       0006F6
__ptext27                                 text27       0006D6
__ptext28                                 text28       0007B2
__ptext29                                 text29       000000
__ptext3                                  text3        000736
__ptext4                                  text4        000742
__ptext5                                  text5        000782
__ptext6                                  text6        000786
__ptext7                                  text7        00078A
__ptext9                                  text9        000776
__ramtop                                  ramtop       001000
__smallconst                              smallconst   000000
_dio_pin_write_logic                      text25       0000EE
_led_off                                  text24       000724
_led_on                                   text23       000712
_main                                     text0        000766
_rec_uart_data                            bssCOMRAM    000035
_x                                        bssCOMRAM    000005
_y                                        bssCOMRAM    000003
_z                                        bssCOMRAM    000001
btemp                                     temp         000054
dio_pin_write_logic@logic                 cstackCOMRAM 000037
dio_pin_write_logic@pinNum                cstackCOMRAM 00003B
dio_pin_write_logic@port                  cstackCOMRAM 000036
dio_pin_write_logic@ret                   cstackCOMRAM 00003A
end_of_initialization                     cinit        000696
i2_Timer0_ISR                             text11       00075A
i2_Timer1_ISR                             text10       00074E
i2_Timer2_ISR                             text9        000776
int$flags                                 temp         000054
int_func                                  intcode_body 00033C
intlevel0                                 text         000000
intlevel1                                 text         000000
intlevel2                                 text         000000
intlevel3                                 text         000000
isa$std                                   (abs)        000001
isa$xinst                                 (abs)        000000
led_off@pinNum                            cstackCOMRAM 00003D
led_off@port                              cstackCOMRAM 00003C
led_on@pinNum                             cstackCOMRAM 00003D
led_on@port                               cstackCOMRAM 00003C
stackhi                                   (abs)        000000
stacklo                                   (abs)        000000
start                                     init         0000EA
start_initialization                      cinit        00066A
ttemp5                                    temp         000055
ttemp6                                    temp         000058
ttemp7                                    temp         00005C
wtemp8                                    temp         000055


MODULE INFORMATION

Module		Function		Class		Link	Load	Size
MCAL/EUSART/eusart.c
		_EUSART_ASYNC_ReadByte		CODE           	06D6	0000	32
		_EUSART_ASYNC_WriteByte		CODE           	06F6	0000	28

MCAL/EUSART/eusart.c estimated size: 60

MCAL/Interrupt/Internal_Interrupt.c
		_Timer0_ISR    		CODE           	0742	0000	12
		_EUSART_RX_ISR 		CODE           	06A4	0000	50
		_EUSART_TX_ISR 		CODE           	07AE	0000	4
		_Timer1_ISR    		CODE           	0736	0000	12
		_Timer2_ISR    		CODE           	076E	0000	8
		_ADC_ISR       		CODE           	07B2	0000	4

MCAL/Interrupt/Internal_Interrupt.c estimated size: 90

MCAL/Interrupt/Interrupt_Manager.c
		_InterruptLow  		CODE           	0018	0000	210
		_InterruptHigh 		CODE           	0008	0000	574

MCAL/Interrupt/Interrupt_Manager.c estimated size: 784

shared
		i2_Timer0_ISR  		CODE           	075A	0000	12
		i2_Timer1_ISR  		CODE           	074E	0000	12
		i2_Timer2_ISR  		CODE           	0776	0000	8
		__initialization		CODE           	066A	0000	44

shared estimated size: 76

MCAL/Interrupt/External_Interrupt.c
		_RB4_ISR_Low   		CODE           	0782	0000	4
		_RB4_ISR_High  		CODE           	0786	0000	4
		_RB5_ISR_Low   		CODE           	079E	0000	4
		_RB5_ISR_High  		CODE           	07A2	0000	4
		_RB6_ISR_Low   		CODE           	0796	0000	4
		_RB6_ISR_High  		CODE           	079A	0000	4
		_RB7_ISR_Low   		CODE           	078E	0000	4
		_RB7_ISR_High  		CODE           	0792	0000	4
		_INT0_ISR      		CODE           	07AA	0000	4
		_INT1_ISR      		CODE           	078A	0000	4
		_INT2_ISR      		CODE           	07A6	0000	4

MCAL/Interrupt/External_Interrupt.c estimated size: 44

MCAL/DIO_Driver/dio.c
		_dio_pin_write_logic		CODE           	00EE	0000	590

MCAL/DIO_Driver/dio.c estimated size: 590

ECUAL/LED_Driver/led.c
		_led_off       		CODE           	0724	0000	18
		_led_on        		CODE           	0712	0000	18

ECUAL/LED_Driver/led.c estimated size: 36

main.c
		_main          		CODE           	0766	0000	8
		_EUSART_RxDefaultInterruptHandler		CODE           	0574	0000	246

main.c estimated size: 254

